18:54:05 | INFO     | Pik2Video                           | ============================================================
18:54:05 | INFO     | Pik2Video                           | Логирование настроено
18:54:05 | INFO     | Pik2Video                           | Режим DEBUG: False
18:54:05 | INFO     | Pik2Video                           | Файл логов: /Users/admin/Desktop/Pik2Video/logs/pik2video_2026-06-04.log
18:54:05 | INFO     | Pik2Video                           | ============================================================
18:54:07 | INFO     | src.pik2video.locale.translator     | Загружен язык: ru из /Users/admin/Desktop/Pik2Video/src/pik2video/locale/ru.json
18:54:07 | INFO     | src.pik2video.application.controller | FFmpeg найден при старте
19:02:34 | INFO     | src.pik2video.application.controller | Запрошен FINALIZE_SESSION
19:02:34 | ERROR    | src.pik2video.application.controller | Ошибка при экспорте видео
19:02:37 | INFO     | src.pik2video.application.controller | Запрошен DISCARD_SESSION
19:02:57 | INFO     | src.pik2video.application.controller | Настройки сохранены
19:03:13 | INFO     | Pik2Video                           | ============================================================
19:03:13 | INFO     | Pik2Video                           | Логирование настроено
19:03:13 | INFO     | Pik2Video                           | Режим DEBUG: False
19:03:13 | INFO     | Pik2Video                           | Файл логов: /Users/admin/Desktop/Pik2Video/logs/pik2video_2026-06-04.log
19:03:13 | INFO     | Pik2Video                           | ============================================================
19:03:13 | INFO     | src.pik2video.locale.translator     | Загружен язык: ru из /Users/admin/Desktop/Pik2Video/src/pik2video/locale/ru.json
19:03:13 | INFO     | src.pik2video.application.controller | FFmpeg найден при старте
19:03:21 | INFO     | src.pik2video.application.controller | Запрошен PREPARING_VIDEO
19:03:21 | INFO     | src.pik2video.application.controller | FFmpeg найден
19:04:22 | INFO     | src.pik2video.application.controller | Запрошен CANCEL_SESSION
19:04:23 | INFO     | src.pik2video.application.controller | Запрошен PREPARING_VIDEO
19:04:23 | INFO     | src.pik2video.application.controller | FFmpeg найден
19:04:53 | INFO     | src.pik2video.application.controller | Запрошен CANCEL_SESSION
19:04:55 | INFO     | src.pik2video.application.controller | Запрошен PREPARING_VIDEO
19:04:55 | INFO     | src.pik2video.application.controller | FFmpeg найден
19:05:00 | INFO     | src.pik2video.application.controller | Запрошен CANCEL_SESSION
19:06:58 | INFO     | src.pik2video.application.controller | Запрошен PREPARING_VIDEO
19:06:58 | INFO     | src.pik2video.application.controller | FFmpeg найден
19:08:25 | INFO     | src.pik2video.application.controller | Запрошен START_RECORDING
19:09:54 | INFO     | src.pik2video.application.controller | Запрошен CANCEL_SESSION
19:09:54 | WARNING  | src.pik2video.application.controller | Отмена невозможна в текущем состоянии
19:10:06 | INFO     | src.pik2video.application.controller | Запрошен CANCEL_SESSION
19:10:06 | WARNING  | src.pik2video.application.controller | Отмена невозможна в текущем состоянии
19:10:25 | INFO     | src.pik2video.application.controller | Запрошен STOP_RECORDING
19:10:25 | INFO     | src.pik2video.application.controller | Запрошен DISCARD_SESSION
19:10:54 | INFO     | Pik2Video                           | ============================================================
19:10:54 | INFO     | Pik2Video                           | Логирование настроено
19:10:54 | INFO     | Pik2Video                           | Режим DEBUG: False
19:10:54 | INFO     | Pik2Video                           | Файл логов: /Users/admin/Desktop/Pik2Video/logs/pik2video_2026-06-04.log
19:10:54 | INFO     | Pik2Video                           | ============================================================
19:10:54 | INFO     | src.pik2video.locale.translator     | Загружен язык: ru из /Users/admin/Desktop/Pik2Video/src/pik2video/locale/ru.json
19:10:54 | INFO     | src.pik2video.application.controller | FFmpeg найден при старте
19:12:44 | INFO     | src.pik2video.application.controller | Запрошен PREPARING_VIDEO
19:12:44 | INFO     | src.pik2video.application.controller | FFmpeg найден
19:12:55 | INFO     | src.pik2video.application.controller | Запрошен START_RECORDING
19:14:53 | INFO     | src.pik2video.application.controller | Запрошен STOP_RECORDING
19:14:59 | INFO     | src.pik2video.application.controller | Запрошен FINALIZE_SESSION
19:14:59 | INFO     | src.pik2video.application.controller | Видео сохранено: /Users/admin/Desktop/output_1.mp4
19:28:25 | INFO     | Pik2Video                           | ============================================================
19:28:25 | INFO     | Pik2Video                           | Логирование настроено
19:28:25 | INFO     | Pik2Video                           | Режим DEBUG: False
19:28:25 | INFO     | Pik2Video                           | Файл логов: /Users/admin/Desktop/Pik2Video/logs/pik2video_2026-06-04.log
19:28:25 | INFO     | Pik2Video                           | ============================================================
19:28:25 | INFO     | src.pik2video.locale.translator     | Загружен язык: ru из /Users/admin/Desktop/Pik2Video/src/pik2video/locale/ru.json
19:28:25 | INFO     | src.pik2video.application.controller | FFmpeg найден при старте
19:28:33 | INFO     | src.pik2video.application.controller | Запрошен PREPARING_VIDEO
19:28:33 | INFO     | src.pik2video.application.controller | FFmpeg найден
19:28:37 | INFO     | src.pik2video.application.controller | Запрошен CANCEL_SESSION
19:28:42 | INFO     | src.pik2video.application.controller | Настройки сохранены
19:28:42 | INFO     | src.pik2video.locale.translator     | Загружен язык: en из /Users/admin/Desktop/Pik2Video/src/pik2video/locale/en.json
19:28:42 | INFO     | src.pik2video.locale.translator     | Язык изменен на: en
19:28:52 | INFO     | src.pik2video.application.controller | Запрошен PREPARING_VIDEO
19:28:52 | INFO     | src.pik2video.application.controller | FFmpeg найден
19:30:05 | INFO     | src.pik2video.application.controller | Запрошен START_RECORDING
19:30:19 | INFO     | src.pik2video.application.controller | Запрошен STOP_RECORDING
19:30:24 | INFO     | src.pik2video.application.controller | Запрошен DISCARD_SESSION
19:31:01 | INFO     | src.pik2video.application.controller | Запрошен PREPARING_VIDEO
19:31:01 | INFO     | src.pik2video.application.controller | FFmpeg найден
19:32:15 | INFO     | src.pik2video.application.controller | Запрошен START_RECORDING
19:32:53 | INFO     | src.pik2video.application.controller | Запрошен START_RECORDING
19:34:26 | INFO     | src.pik2video.application.controller | Запрошен STOP_RECORDING
19:34:54 | INFO     | src.pik2video.application.controller | Запрошен DISCARD_SESSION
19:35:21 | INFO     | src.pik2video.application.controller | Запрошен PREPARING_SCREEN
19:35:21 | INFO     | src.pik2video.application.controller | FFmpeg найден
19:35:22 | INFO     | src.pik2video.application.controller | Запрошен CANCEL_SESSION
19:36:06 | INFO     | src.pik2video.application.controller | Запрошен PREPARING_SCREEN
19:36:06 | INFO     | src.pik2video.application.controller | FFmpeg найден
19:36:34 | INFO     | src.pik2video.application.controller | Запрошен START_RECORDING
19:37:07 | INFO     | src.pik2video.application.controller | Запрошен STOP_RECORDING
19:37:14 | INFO     | src.pik2video.application.controller | Запрошен FINALIZE_SESSION
19:37:14 | INFO     | src.pik2video.application.controller | Видео сохранено: /Users/admin/Desktop/output_2.mp4
19:38:48 | INFO     | src.pik2video.application.controller | Запрошен PREPARING_SCREEN
19:38:48 | INFO     | src.pik2video.application.controller | FFmpeg найден
19:39:02 | INFO     | src.pik2video.application.controller | Запрошен CANCEL_SESSION
19:39:06 | INFO     | src.pik2video.application.controller | Настройки сохранены
19:39:06 | INFO     | src.pik2video.locale.translator     | Загружен язык: ru из /Users/admin/Desktop/Pik2Video/src/pik2video/locale/ru.json
19:39:06 | INFO     | src.pik2video.locale.translator     | Язык изменен на: ru
19:39:10 | INFO     | src.pik2video.application.controller | Запрошен PREPARING_SCREEN
19:39:10 | INFO     | src.pik2video.application.controller | FFmpeg найден
19:40:34 | INFO     | src.pik2video.application.controller | Запрошен START_RECORDING
19:41:53 | INFO     | src.pik2video.application.controller | Запрошен START_RECORDING
19:42:49 | INFO     | src.pik2video.application.controller | Запрошен STOP_RECORDING
19:43:13 | INFO     | src.pik2video.application.controller | Запрошен FINALIZE_SESSION
19:43:13 | INFO     | src.pik2video.application.controller | Видео сохранено: /Users/admin/Desktop/output_3.mp4
19:46:12 | INFO     | src.pik2video.application.controller | Настройки сохранены
19:46:17 | INFO     | src.pik2video.application.controller | Настройки сохранены
19:46:25 | INFO     | src.pik2video.application.controller | Настройки сохранены
19:46:56 | INFO     | src.pik2video.application.controller | Настройки сохранены
19:54:18 | INFO     | src.pik2video.application.controller | Настройки сохранены
20:11:44 | INFO     | src.pik2video.application.controller | Запрошен PREPARING_VIDEO
20:11:44 | INFO     | src.pik2video.application.controller | FFmpeg найден
20:12:24 | INFO     | src.pik2video.application.controller | Запрошен CANCEL_SESSION
20:12:43 | INFO     | Pik2Video                           | ============================================================
20:12:43 | INFO     | Pik2Video                           | Логирование настроено
20:12:43 | INFO     | Pik2Video                           | Режим DEBUG: False
20:12:43 | INFO     | Pik2Video                           | Файл логов: /Users/admin/Desktop/Pik2Video/logs/pik2video_2026-06-04.log
20:12:43 | INFO     | Pik2Video                           | ============================================================
20:12:44 | INFO     | src.pik2video.locale.translator     | Загружен язык: ru из /Users/admin/Desktop/Pik2Video/src/pik2video/locale/ru.json
20:12:44 | INFO     | src.pik2video.application.controller | FFmpeg найден при старте
20:12:50 | INFO     | Pik2Video                           | ============================================================
20:12:50 | INFO     | Pik2Video                           | Логирование настроено
20:12:50 | INFO     | Pik2Video                           | Режим DEBUG: False
20:12:50 | INFO     | Pik2Video                           | Файл логов: /Users/admin/Desktop/Pik2Video/logs/pik2video_2026-06-04.log
20:12:50 | INFO     | Pik2Video                           | ============================================================
20:12:50 | INFO     | src.pik2video.locale.translator     | Загружен язык: ru из /Users/admin/Desktop/Pik2Video/src/pik2video/locale/ru.json
20:12:50 | INFO     | src.pik2video.application.controller | FFmpeg найден при старте
20:13:14 | INFO     | Pik2Video                           | ============================================================
20:13:14 | INFO     | Pik2Video                           | Логирование настроено
20:13:14 | INFO     | Pik2Video                           | Режим DEBUG: False
20:13:14 | INFO     | Pik2Video                           | Файл логов: /Users/admin/Desktop/Pik2Video/logs/pik2video_2026-06-04.log
20:13:14 | INFO     | Pik2Video                           | ============================================================
20:13:15 | INFO     | src.pik2video.locale.translator     | Загружен язык: ru из /Users/admin/Desktop/Pik2Video/src/pik2video/locale/ru.json
20:13:15 | INFO     | src.pik2video.application.controller | FFmpeg найден при старте
20:13:36 | INFO     | Pik2Video                           | ============================================================
20:13:36 | INFO     | Pik2Video                           | Логирование настроено
20:13:36 | INFO     | Pik2Video                           | Режим DEBUG: False
20:13:36 | INFO     | Pik2Video                           | Файл логов: /Users/admin/Desktop/Pik2Video/logs/pik2video_2026-06-04.log
20:13:36 | INFO     | Pik2Video                           | ============================================================
20:13:37 | INFO     | src.pik2video.locale.translator     | Загружен язык: ru из /Users/admin/Desktop/Pik2Video/src/pik2video/locale/ru.json
20:13:37 | INFO     | src.pik2video.application.controller | FFmpeg найден при старте
20:14:41 | INFO     | src.pik2video.application.controller | Настройки сохранены
21:21:14 | INFO     | Pik2Video                           | ============================================================
21:21:14 | INFO     | Pik2Video                           | Логирование настроено
21:21:14 | INFO     | Pik2Video                           | Режим DEBUG: False
21:21:14 | INFO     | Pik2Video                           | Файл логов: /Users/admin/Desktop/Pik2Video/logs/pik2video_2026-06-04.log
21:21:14 | INFO     | Pik2Video                           | ============================================================
21:21:15 | INFO     | src.pik2video.locale.translator     | Загружен язык: ru из /Users/admin/Desktop/Pik2Video/src/pik2video/locale/ru.json
21:21:15 | INFO     | src.pik2video.application.controller | FFmpeg найден при старте
21:23:17 | INFO     | Pik2Video                           | ============================================================
21:23:17 | INFO     | Pik2Video                           | Логирование настроено
21:23:17 | INFO     | Pik2Video                           | Режим DEBUG: False
21:23:17 | INFO     | Pik2Video                           | Файл логов: /Users/admin/Desktop/Pik2Video/logs/pik2video_2026-06-04.log
21:23:17 | INFO     | Pik2Video                           | ============================================================
21:23:17 | INFO     | src.pik2video.locale.translator     | Загружен язык: ru из /Users/admin/Desktop/Pik2Video/src/pik2video/locale/ru.json
21:23:17 | INFO     | src.pik2video.application.controller | FFmpeg найден при старте
21:26:18 | INFO     | Pik2Video                           | ============================================================
21:26:18 | INFO     | Pik2Video                           | Логирование настроено
21:26:18 | INFO     | Pik2Video                           | Режим DEBUG: False
21:26:18 | INFO     | Pik2Video                           | Файл логов: /Users/admin/Desktop/Pik2Video/logs/pik2video_2026-06-04.log
21:26:18 | INFO     | Pik2Video                           | ============================================================
21:26:18 | INFO     | src.pik2video.locale.translator     | Загружен язык: ru из /Users/admin/Desktop/Pik2Video/src/pik2video/locale/ru.json
21:26:18 | INFO     | src.pik2video.application.controller | FFmpeg найден при старте
21:27:38 | INFO     | Pik2Video                           | ============================================================
21:27:38 | INFO     | Pik2Video                           | Логирование настроено
21:27:38 | INFO     | Pik2Video                           | Режим DEBUG: False
21:27:38 | INFO     | Pik2Video                           | Файл логов: /Users/admin/Desktop/Pik2Video/logs/pik2video_2026-06-04.log
21:27:38 | INFO     | Pik2Video                           | ============================================================
21:27:38 | INFO     | src.pik2video.locale.translator     | Загружен язык: ru из /Users/admin/Desktop/Pik2Video/src/pik2video/locale/ru.json
21:27:38 | INFO     | src.pik2video.application.controller | FFmpeg найден при старте
21:28:29 | INFO     | Pik2Video                           | ============================================================
21:28:29 | INFO     | Pik2Video                           | Логирование настроено
21:28:29 | INFO     | Pik2Video                           | Режим DEBUG: False
21:28:29 | INFO     | Pik2Video                           | Файл логов: /Users/admin/Desktop/Pik2Video/logs/pik2video_2026-06-04.log
21:28:29 | INFO     | Pik2Video                           | ============================================================
21:28:30 | INFO     | src.pik2video.locale.translator     | Загружен язык: ru из /Users/admin/Desktop/Pik2Video/src/pik2video/locale/ru.json
21:28:30 | INFO     | src.pik2video.application.controller | FFmpeg найден при старте
21:37:22 | INFO     | Pik2Video                           | ============================================================
21:37:22 | INFO     | Pik2Video                           | Логирование настроено
21:37:22 | INFO     | Pik2Video                           | Режим DEBUG: False
21:37:22 | INFO     | Pik2Video                           | Файл логов: /Users/admin/Desktop/Pik2Video/logs/pik2video_2026-06-04.log
21:37:22 | INFO     | Pik2Video                           | ============================================================
21:37:23 | INFO     | src.pik2video.locale.translator     | Загружен язык: ru из /Users/admin/Desktop/Pik2Video/src/pik2video/locale/ru.json
21:37:23 | INFO     | src.pik2video.application.controller | FFmpeg найден при старте
21:41:35 | INFO     | Pik2Video                           | ============================================================
21:41:35 | INFO     | Pik2Video                           | Логирование настроено
21:41:35 | INFO     | Pik2Video                           | Режим DEBUG: False
21:41:35 | INFO     | Pik2Video                           | Файл логов: /Users/admin/Desktop/Pik2Video/logs/pik2video_2026-06-04.log
21:41:35 | INFO     | Pik2Video                           | ============================================================
21:41:36 | INFO     | src.pik2video.locale.translator     | Загружен язык: ru из /Users/admin/Desktop/Pik2Video/src/pik2video/locale/ru.json
21:41:36 | INFO     | src.pik2video.application.controller | FFmpeg найден при старте
21:45:59 | INFO     | Pik2Video                           | ============================================================
21:45:59 | INFO     | Pik2Video                           | Логирование настроено
21:45:59 | INFO     | Pik2Video                           | Режим DEBUG: False
21:45:59 | INFO     | Pik2Video                           | Файл логов: /Users/admin/Desktop/Pik2Video/logs/pik2video_2026-06-04.log
21:45:59 | INFO     | Pik2Video                           | ============================================================
21:45:59 | INFO     | src.pik2video.locale.translator     | Загружен язык: ru из /Users/admin/Desktop/Pik2Video/src/pik2video/locale/ru.json
21:45:59 | INFO     | src.pik2video.application.controller | FFmpeg найден при старте
21:47:27 | INFO     | Pik2Video                           | ============================================================
21:47:27 | INFO     | Pik2Video                           | Логирование настроено
21:47:27 | INFO     | Pik2Video                           | Режим DEBUG: False
21:47:27 | INFO     | Pik2Video                           | Файл логов: /Users/admin/Desktop/Pik2Video/logs/pik2video_2026-06-04.log
21:47:27 | INFO     | Pik2Video                           | ============================================================
21:47:27 | INFO     | src.pik2video.locale.translator     | Загружен язык: ru из /Users/admin/Desktop/Pik2Video/src/pik2video/locale/ru.json
21:47:27 | INFO     | src.pik2video.application.controller | FFmpeg найден при старте
21:49:38 | INFO     | Pik2Video                           | ============================================================
21:49:38 | INFO     | Pik2Video                           | Логирование настроено
21:49:38 | INFO     | Pik2Video                           | Режим DEBUG: False
21:49:38 | INFO     | Pik2Video                           | Файл логов: /Users/admin/Desktop/Pik2Video/logs/pik2video_2026-06-04.log
21:49:38 | INFO     | Pik2Video                           | ============================================================
21:49:38 | INFO     | src.pik2video.locale.translator     | Загружен язык: ru из /Users/admin/Desktop/Pik2Video/src/pik2video/locale/ru.json
21:49:38 | INFO     | src.pik2video.application.controller | FFmpeg найден при старте
22:20:33 | INFO     | Pik2Video                           | ============================================================
22:20:33 | INFO     | Pik2Video                           | Логирование настроено
22:20:33 | INFO     | Pik2Video                           | Режим DEBUG: False
22:20:33 | INFO     | Pik2Video                           | Файл логов: /Users/admin/Desktop/Pik2Video/logs/pik2video_2026-06-04.log
22:20:33 | INFO     | Pik2Video                           | ============================================================
22:20:33 | INFO     | src.pik2video.locale.translator     | Загружен язык: ru из /Users/admin/Desktop/Pik2Video/src/pik2video/locale/ru.json
22:20:33 | INFO     | src.pik2video.application.controller | FFmpeg найден при старте
22:20:35 | INFO     | src.pik2video.application.controller | Запрошен PREPARING_SCREEN
22:20:35 | INFO     | src.pik2video.application.controller | FFmpeg найден
22:20:45 | INFO     | src.pik2video.application.controller | Запрошен CANCEL_SESSION
22:20:46 | INFO     | src.pik2video.application.controller | Запрошен PREPARING_SCREEN
22:20:46 | INFO     | src.pik2video.application.controller | FFmpeg найден
22:31:59 | INFO     | Pik2Video                           | ============================================================
22:31:59 | INFO     | Pik2Video                           | Логирование настроено
22:31:59 | INFO     | Pik2Video                           | Режим DEBUG: False
22:31:59 | INFO     | Pik2Video                           | Файл логов: /Users/admin/Desktop/Pik2Video/logs/pik2video_2026-06-04.log
22:31:59 | INFO     | Pik2Video                           | ============================================================
22:31:59 | INFO     | src.pik2video.locale.translator     | Загружен язык: ru из /Users/admin/Desktop/Pik2Video/src/pik2video/locale/ru.json
22:31:59 | INFO     | src.pik2video.application.controller | FFmpeg найден при старте
22:32:00 | INFO     | src.pik2video.application.controller | Запрошен PREPARING_SCREEN
22:32:00 | INFO     | src.pik2video.application.controller | FFmpeg найден
22:33:07 | INFO     | src.pik2video.application.controller | Запрошен START_RECORDING
22:35:09 | INFO     | src.pik2video.application.controller | Запрошен STOP_RECORDING
22:35:31 | INFO     | src.pik2video.application.controller | Запрошен FINALIZE_SESSION
22:35:31 | INFO     | src.pik2video.application.controller | Видео сохранено: /Users/admin/Desktop/output_4.mp4
