20:43:17 | INFO     | Pik2Video                           | ============================================================
20:43:17 | INFO     | Pik2Video                           | Логирование настроено
20:43:17 | INFO     | Pik2Video                           | Режим DEBUG: False
20:43:17 | INFO     | Pik2Video                           | Файл логов: /Users/admin/Desktop/Pik2Video/logs/pik2video_2026-08-15.log
20:43:17 | INFO     | Pik2Video                           | ============================================================
20:43:18 | INFO     | src.pik2video.locale.translator     | Загружен язык: ru из /Users/admin/Desktop/Pik2Video/src/pik2video/locale/ru.json
20:43:18 | INFO     | src.pik2video.application.controller | FFmpeg найден при старте
20:43:55 | INFO     | src.pik2video.application.controller | Настройки сохранены
20:43:55 | INFO     | src.pik2video.locale.translator     | Загружен язык: en из /Users/admin/Desktop/Pik2Video/src/pik2video/locale/en.json
20:43:55 | INFO     | src.pik2video.locale.translator     | Язык изменен на: en
20:44:08 | INFO     | src.pik2video.application.controller | Запрошен PREPARING_VIDEO
20:44:08 | INFO     | src.pik2video.application.controller | FFmpeg найден
20:44:38 | INFO     | src.pik2video.application.controller | Запрошен CANCEL_SESSION
20:44:41 | INFO     | src.pik2video.application.controller | Запрошен PREPARING_VIDEO
20:44:41 | INFO     | src.pik2video.application.controller | FFmpeg найден
20:46:07 | INFO     | src.pik2video.application.controller | Запрошен CANCEL_SESSION
20:46:22 | INFO     | src.pik2video.application.controller | Настройки сохранены
20:46:22 | INFO     | src.pik2video.locale.translator     | Загружен язык: ru из /Users/admin/Desktop/Pik2Video/src/pik2video/locale/ru.json
20:46:22 | INFO     | src.pik2video.locale.translator     | Язык изменен на: ru
20:47:14 | INFO     | src.pik2video.application.controller | Настройки сохранены
20:47:31 | INFO     | src.pik2video.application.controller | Запрошен PREPARING_SCREEN
20:47:31 | INFO     | src.pik2video.application.controller | FFmpeg найден
20:48:19 | INFO     | src.pik2video.application.controller | Запрошен CANCEL_SESSION
20:48:23 | INFO     | src.pik2video.application.controller | Запрошен PREPARING_VIDEO
20:48:23 | INFO     | src.pik2video.application.controller | FFmpeg найден
20:48:28 | INFO     | src.pik2video.application.controller | Запрошен CANCEL_SESSION
20:48:30 | INFO     | src.pik2video.application.controller | Запрошен PREPARING_VIDEO
20:48:30 | INFO     | src.pik2video.application.controller | FFmpeg найден
20:48:59 | INFO     | src.pik2video.application.controller | Запрошен START_RECORDING
20:49:44 | INFO     | src.pik2video.application.controller | Запрошен STOP_RECORDING
20:50:19 | INFO     | src.pik2video.application.controller | Запрошен FINALIZE_SESSION
20:50:19 | INFO     | src.pik2video.application.controller | Видео сохранено: /Users/admin/Desktop/output_1.mp4
20:52:24 | INFO     | src.pik2video.application.controller | Настройки сохранены
20:53:03 | INFO     | src.pik2video.application.controller | Запрошен PREPARING_VIDEO
20:53:03 | INFO     | src.pik2video.application.controller | FFmpeg найден
20:53:06 | INFO     | src.pik2video.application.controller | Запрошен CANCEL_SESSION
