14:38:38 | INFO     | Pik2Video                           | ============================================================
14:38:38 | INFO     | Pik2Video                           | Логирование настроено
14:38:38 | INFO     | Pik2Video                           | Режим DEBUG: False
14:38:38 | INFO     | Pik2Video                           | Файл логов: /Users/admin/Desktop/Pik2Video/logs/pik2video_2026-05-25.log
14:38:38 | INFO     | Pik2Video                           | ============================================================
14:39:06 | INFO     | Pik2Video                           | ============================================================
14:39:06 | INFO     | Pik2Video                           | Логирование настроено
14:39:06 | INFO     | Pik2Video                           | Режим DEBUG: False
14:39:06 | INFO     | Pik2Video                           | Файл логов: /Users/admin/Desktop/Pik2Video/logs/pik2video_2026-05-25.log
14:39:06 | INFO     | Pik2Video                           | ============================================================
14:39:28 | INFO     | Pik2Video                           | ============================================================
14:39:28 | INFO     | Pik2Video                           | Логирование настроено
14:39:28 | INFO     | Pik2Video                           | Режим DEBUG: False
14:39:28 | INFO     | Pik2Video                           | Файл логов: /Users/admin/Desktop/Pik2Video/logs/pik2video_2026-05-25.log
14:39:28 | INFO     | Pik2Video                           | ============================================================
14:40:33 | INFO     | Pik2Video                           | ============================================================
14:40:33 | INFO     | Pik2Video                           | Логирование настроено
14:40:33 | INFO     | Pik2Video                           | Режим DEBUG: False
14:40:33 | INFO     | Pik2Video                           | Файл логов: /Users/admin/Desktop/Pik2Video/logs/pik2video_2026-05-25.log
14:40:33 | INFO     | Pik2Video                           | ============================================================
14:40:34 | INFO     | src.pik2video.locale.translator     | Загружен язык: ru из /Users/admin/Desktop/Pik2Video/src/pik2video/locale/ru.json
14:40:34 | INFO     | src.pik2video.application.controller | FFmpeg найден при старте
14:41:29 | INFO     | Pik2Video                           | ============================================================
14:41:29 | INFO     | Pik2Video                           | Логирование настроено
14:41:29 | INFO     | Pik2Video                           | Режим DEBUG: False
14:41:29 | INFO     | Pik2Video                           | Файл логов: /Users/admin/Desktop/Pik2Video/logs/pik2video_2026-05-25.log
14:41:29 | INFO     | Pik2Video                           | ============================================================
14:41:30 | INFO     | src.pik2video.locale.translator     | Загружен язык: ru из /Users/admin/Desktop/Pik2Video/src/pik2video/locale/ru.json
14:41:30 | INFO     | src.pik2video.application.controller | FFmpeg найден при старте
14:42:41 | INFO     | Pik2Video                           | ============================================================
14:42:41 | INFO     | Pik2Video                           | Логирование настроено
14:42:41 | INFO     | Pik2Video                           | Режим DEBUG: False
14:42:41 | INFO     | Pik2Video                           | Файл логов: /Users/admin/Desktop/Pik2Video/logs/pik2video_2026-05-25.log
14:42:41 | INFO     | Pik2Video                           | ============================================================
14:42:41 | INFO     | src.pik2video.locale.translator     | Загружен язык: ru из /Users/admin/Desktop/Pik2Video/src/pik2video/locale/ru.json
14:42:41 | INFO     | src.pik2video.application.controller | FFmpeg найден при старте
14:43:16 | INFO     | Pik2Video                           | ============================================================
14:43:16 | INFO     | Pik2Video                           | Логирование настроено
14:43:16 | INFO     | Pik2Video                           | Режим DEBUG: False
14:43:16 | INFO     | Pik2Video                           | Файл логов: /Users/admin/Desktop/Pik2Video/logs/pik2video_2026-05-25.log
14:43:16 | INFO     | Pik2Video                           | ============================================================
14:43:17 | INFO     | src.pik2video.locale.translator     | Загружен язык: ru из /Users/admin/Desktop/Pik2Video/src/pik2video/locale/ru.json
14:43:17 | INFO     | src.pik2video.application.controller | FFmpeg найден при старте
15:19:31 | INFO     | Pik2Video                           | ============================================================
15:19:31 | INFO     | Pik2Video                           | Логирование настроено
15:19:31 | INFO     | Pik2Video                           | Режим DEBUG: False
15:19:31 | INFO     | Pik2Video                           | Файл логов: /Users/admin/Desktop/Pik2Video/logs/pik2video_2026-05-25.log
15:19:31 | INFO     | Pik2Video                           | ============================================================
15:19:32 | INFO     | src.pik2video.locale.translator     | Загружен язык: ru из /Users/admin/Desktop/Pik2Video/src/pik2video/locale/ru.json
15:19:32 | INFO     | src.pik2video.application.controller | FFmpeg найден при старте
15:31:18 | INFO     | Pik2Video                           | ============================================================
15:31:18 | INFO     | Pik2Video                           | Логирование настроено
15:31:18 | INFO     | Pik2Video                           | Режим DEBUG: False
15:31:18 | INFO     | Pik2Video                           | Файл логов: /Users/admin/Desktop/Pik2Video/logs/pik2video_2026-05-25.log
15:31:18 | INFO     | Pik2Video                           | ============================================================
15:31:18 | INFO     | src.pik2video.locale.translator     | Загружен язык: ru из /Users/admin/Desktop/Pik2Video/src/pik2video/locale/ru.json
15:31:18 | INFO     | src.pik2video.application.controller | FFmpeg найден при старте
15:31:57 | INFO     | Pik2Video                           | ============================================================
15:31:57 | INFO     | Pik2Video                           | Логирование настроено
15:31:57 | INFO     | Pik2Video                           | Режим DEBUG: False
15:31:57 | INFO     | Pik2Video                           | Файл логов: /Users/admin/Desktop/Pik2Video/logs/pik2video_2026-05-25.log
15:31:57 | INFO     | Pik2Video                           | ============================================================
15:31:58 | INFO     | src.pik2video.locale.translator     | Загружен язык: ru из /Users/admin/Desktop/Pik2Video/src/pik2video/locale/ru.json
15:31:58 | INFO     | src.pik2video.application.controller | FFmpeg найден при старте
15:35:16 | INFO     | Pik2Video                           | ============================================================
15:35:16 | INFO     | Pik2Video                           | Логирование настроено
15:35:16 | INFO     | Pik2Video                           | Режим DEBUG: False
15:35:16 | INFO     | Pik2Video                           | Файл логов: /Users/admin/Desktop/Pik2Video/logs/pik2video_2026-05-25.log
15:35:16 | INFO     | Pik2Video                           | ============================================================
15:35:17 | INFO     | src.pik2video.locale.translator     | Загружен язык: ru из /Users/admin/Desktop/Pik2Video/src/pik2video/locale/ru.json
15:35:17 | INFO     | src.pik2video.application.controller | FFmpeg найден при старте
15:49:48 | INFO     | Pik2Video                           | ============================================================
15:49:48 | INFO     | Pik2Video                           | Логирование настроено
15:49:48 | INFO     | Pik2Video                           | Режим DEBUG: False
15:49:48 | INFO     | Pik2Video                           | Файл логов: /Users/admin/Desktop/Pik2Video/logs/pik2video_2026-05-25.log
15:49:48 | INFO     | Pik2Video                           | ============================================================
15:49:48 | INFO     | src.pik2video.locale.translator     | Загружен язык: ru из /Users/admin/Desktop/Pik2Video/src/pik2video/locale/ru.json
15:49:48 | INFO     | src.pik2video.application.controller | FFmpeg найден при старте
15:49:49 | INFO     | src.pik2video.application.controller | Запрошен PREPARING_VIDEO
15:49:49 | INFO     | src.pik2video.application.controller | FFmpeg найден
15:49:49 | INFO     | Pik2Video                           | ============================================================
15:49:49 | INFO     | Pik2Video                           | Логирование настроено
15:49:49 | INFO     | Pik2Video                           | Режим DEBUG: False
15:49:49 | INFO     | Pik2Video                           | Файл логов: /Users/admin/Desktop/Pik2Video/logs/pik2video_2026-05-25.log
15:49:49 | INFO     | Pik2Video                           | ============================================================
15:49:50 | INFO     | src.pik2video.locale.translator     | Загружен язык: ru из /Users/admin/Desktop/Pik2Video/src/pik2video/locale/ru.json
15:49:50 | INFO     | src.pik2video.application.controller | FFmpeg найден при старте
15:49:53 | INFO     | src.pik2video.application.controller | Запрошен PREPARING_VIDEO
15:49:53 | INFO     | src.pik2video.application.controller | FFmpeg найден
15:49:57 | INFO     | Pik2Video                           | ============================================================
15:49:57 | INFO     | Pik2Video                           | Логирование настроено
15:49:57 | INFO     | Pik2Video                           | Режим DEBUG: False
15:49:57 | INFO     | Pik2Video                           | Файл логов: /Users/admin/Desktop/Pik2Video/logs/pik2video_2026-05-25.log
15:49:57 | INFO     | Pik2Video                           | ============================================================
15:49:57 | INFO     | src.pik2video.locale.translator     | Загружен язык: ru из /Users/admin/Desktop/Pik2Video/src/pik2video/locale/ru.json
15:49:57 | INFO     | src.pik2video.application.controller | FFmpeg найден при старте
15:49:59 | INFO     | src.pik2video.application.controller | Запрошен PREPARING_VIDEO
15:49:59 | INFO     | src.pik2video.application.controller | FFmpeg найден
15:50:08 | INFO     | src.pik2video.application.controller | Запрошен START_RECORDING
15:50:23 | INFO     | src.pik2video.application.controller | Запрошен STOP_RECORDING
15:58:12 | INFO     | Pik2Video                           | ============================================================
15:58:12 | INFO     | Pik2Video                           | Логирование настроено
15:58:12 | INFO     | Pik2Video                           | Режим DEBUG: False
15:58:12 | INFO     | Pik2Video                           | Файл логов: /Users/admin/Desktop/Pik2Video/logs/pik2video_2026-05-25.log
15:58:12 | INFO     | Pik2Video                           | ============================================================
15:58:12 | INFO     | src.pik2video.locale.translator     | Загружен язык: ru из /Users/admin/Desktop/Pik2Video/src/pik2video/locale/ru.json
15:58:12 | INFO     | src.pik2video.application.controller | FFmpeg найден при старте
16:03:15 | INFO     | Pik2Video                           | ============================================================
16:03:15 | INFO     | Pik2Video                           | Логирование настроено
16:03:15 | INFO     | Pik2Video                           | Режим DEBUG: False
16:03:15 | INFO     | Pik2Video                           | Файл логов: /Users/admin/Desktop/Pik2Video/logs/pik2video_2026-05-25.log
16:03:15 | INFO     | Pik2Video                           | ============================================================
16:03:16 | INFO     | src.pik2video.locale.translator     | Загружен язык: ru из /Users/admin/Desktop/Pik2Video/src/pik2video/locale/ru.json
16:03:16 | INFO     | src.pik2video.application.controller | FFmpeg найден при старте
16:04:45 | INFO     | Pik2Video                           | ============================================================
16:04:45 | INFO     | Pik2Video                           | Логирование настроено
16:04:45 | INFO     | Pik2Video                           | Режим DEBUG: False
16:04:45 | INFO     | Pik2Video                           | Файл логов: /Users/admin/Desktop/Pik2Video/logs/pik2video_2026-05-25.log
16:04:45 | INFO     | Pik2Video                           | ============================================================
16:04:45 | INFO     | src.pik2video.locale.translator     | Загружен язык: ru из /Users/admin/Desktop/Pik2Video/src/pik2video/locale/ru.json
16:04:45 | INFO     | src.pik2video.application.controller | FFmpeg найден при старте
16:25:30 | INFO     | Pik2Video                           | ============================================================
16:25:30 | INFO     | Pik2Video                           | Логирование настроено
16:25:30 | INFO     | Pik2Video                           | Режим DEBUG: False
16:25:30 | INFO     | Pik2Video                           | Файл логов: /Users/admin/Desktop/Pik2Video/logs/pik2video_2026-05-25.log
16:25:30 | INFO     | Pik2Video                           | ============================================================
16:25:31 | INFO     | src.pik2video.locale.translator     | Загружен язык: ru из /Users/admin/Desktop/Pik2Video/src/pik2video/locale/ru.json
16:25:31 | INFO     | src.pik2video.application.controller | FFmpeg найден при старте
16:28:28 | INFO     | Pik2Video                           | ============================================================
16:28:28 | INFO     | Pik2Video                           | Логирование настроено
16:28:28 | INFO     | Pik2Video                           | Режим DEBUG: False
16:28:28 | INFO     | Pik2Video                           | Файл логов: /Users/admin/Desktop/Pik2Video/logs/pik2video_2026-05-25.log
16:28:28 | INFO     | Pik2Video                           | ============================================================
16:28:29 | INFO     | src.pik2video.locale.translator     | Загружен язык: ru из /Users/admin/Desktop/Pik2Video/src/pik2video/locale/ru.json
16:28:29 | INFO     | src.pik2video.application.controller | FFmpeg найден при старте
16:30:01 | INFO     | Pik2Video                           | ============================================================
16:30:01 | INFO     | Pik2Video                           | Логирование настроено
16:30:01 | INFO     | Pik2Video                           | Режим DEBUG: False
16:30:01 | INFO     | Pik2Video                           | Файл логов: /Users/admin/Desktop/Pik2Video/logs/pik2video_2026-05-25.log
16:30:01 | INFO     | Pik2Video                           | ============================================================
16:30:01 | INFO     | src.pik2video.locale.translator     | Загружен язык: ru из /Users/admin/Desktop/Pik2Video/src/pik2video/locale/ru.json
16:30:01 | INFO     | src.pik2video.application.controller | FFmpeg найден при старте
16:31:10 | INFO     | Pik2Video                           | ============================================================
16:31:10 | INFO     | Pik2Video                           | Логирование настроено
16:31:10 | INFO     | Pik2Video                           | Режим DEBUG: False
16:31:10 | INFO     | Pik2Video                           | Файл логов: /Users/admin/Desktop/Pik2Video/logs/pik2video_2026-05-25.log
16:31:10 | INFO     | Pik2Video                           | ============================================================
16:31:11 | INFO     | src.pik2video.locale.translator     | Загружен язык: ru из /Users/admin/Desktop/Pik2Video/src/pik2video/locale/ru.json
16:31:11 | INFO     | src.pik2video.application.controller | FFmpeg найден при старте
16:33:13 | INFO     | Pik2Video                           | ============================================================
16:33:13 | INFO     | Pik2Video                           | Логирование настроено
16:33:13 | INFO     | Pik2Video                           | Режим DEBUG: False
16:33:13 | INFO     | Pik2Video                           | Файл логов: /Users/admin/Desktop/Pik2Video/logs/pik2video_2026-05-25.log
16:33:13 | INFO     | Pik2Video                           | ============================================================
16:33:14 | INFO     | src.pik2video.locale.translator     | Загружен язык: ru из /Users/admin/Desktop/Pik2Video/src/pik2video/locale/ru.json
16:33:14 | INFO     | src.pik2video.application.controller | FFmpeg найден при старте
16:41:28 | INFO     | Pik2Video                           | ============================================================
16:41:28 | INFO     | Pik2Video                           | Логирование настроено
16:41:28 | INFO     | Pik2Video                           | Режим DEBUG: False
16:41:28 | INFO     | Pik2Video                           | Файл логов: /Users/admin/Desktop/Pik2Video/logs/pik2video_2026-05-25.log
16:41:28 | INFO     | Pik2Video                           | ============================================================
16:41:29 | INFO     | src.pik2video.locale.translator     | Загружен язык: ru из /Users/admin/Desktop/Pik2Video/src/pik2video/locale/ru.json
16:41:29 | INFO     | src.pik2video.application.controller | FFmpeg найден при старте
16:46:30 | INFO     | Pik2Video                           | ============================================================
16:46:30 | INFO     | Pik2Video                           | Логирование настроено
16:46:30 | INFO     | Pik2Video                           | Режим DEBUG: False
16:46:30 | INFO     | Pik2Video                           | Файл логов: /Users/admin/Desktop/Pik2Video/logs/pik2video_2026-05-25.log
16:46:30 | INFO     | Pik2Video                           | ============================================================
16:46:30 | INFO     | src.pik2video.locale.translator     | Загружен язык: ru из /Users/admin/Desktop/Pik2Video/src/pik2video/locale/ru.json
16:46:30 | INFO     | src.pik2video.application.controller | FFmpeg найден при старте
17:10:53 | INFO     | src.pik2video.application.controller | Запрошен FINALIZE_SESSION
17:10:53 | ERROR    | src.pik2video.application.controller | Ошибка при экспорте видео
17:10:55 | INFO     | src.pik2video.application.controller | Запрошен FINALIZE_SESSION
17:10:55 | ERROR    | src.pik2video.application.controller | Ошибка при экспорте видео
17:10:58 | INFO     | src.pik2video.application.controller | Запрошен DISCARD_SESSION
17:11:02 | INFO     | src.pik2video.application.controller | Запрошен PREPARING_VIDEO
17:11:02 | INFO     | src.pik2video.application.controller | FFmpeg найден
17:11:13 | INFO     | Pik2Video                           | ============================================================
17:11:13 | INFO     | Pik2Video                           | Логирование настроено
17:11:13 | INFO     | Pik2Video                           | Режим DEBUG: False
17:11:13 | INFO     | Pik2Video                           | Файл логов: /Users/admin/Desktop/Pik2Video/logs/pik2video_2026-05-25.log
17:11:13 | INFO     | Pik2Video                           | ============================================================
17:11:13 | INFO     | src.pik2video.locale.translator     | Загружен язык: ru из /Users/admin/Desktop/Pik2Video/src/pik2video/locale/ru.json
17:11:13 | INFO     | src.pik2video.application.controller | FFmpeg найден при старте
17:11:22 | INFO     | src.pik2video.application.controller | Запрошен PREPARING_VIDEO
17:11:22 | INFO     | src.pik2video.application.controller | FFmpeg найден
17:22:07 | INFO     | src.pik2video.application.controller | Запрошен START_RECORDING
19:33:34 | INFO     | src.pik2video.application.controller | Запрошен STOP_RECORDING
19:33:41 | INFO     | src.pik2video.application.controller | Запрошен FINALIZE_SESSION
19:33:41 | INFO     | src.pik2video.application.controller | Видео сохранено: /Users/admin/Desktop/output_1.mp4
19:54:18 | INFO     | Pik2Video                           | ============================================================
19:54:18 | INFO     | Pik2Video                           | Логирование настроено
19:54:18 | INFO     | Pik2Video                           | Режим DEBUG: False
19:54:18 | INFO     | Pik2Video                           | Файл логов: /Users/admin/Desktop/Pik2Video/logs/pik2video_2026-05-25.log
19:54:18 | INFO     | Pik2Video                           | ============================================================
19:54:19 | INFO     | src.pik2video.locale.translator     | Загружен язык: ru из /Users/admin/Desktop/Pik2Video/src/pik2video/locale/ru.json
19:54:19 | INFO     | src.pik2video.application.controller | FFmpeg найден при старте
19:56:06 | INFO     | Pik2Video                           | ============================================================
19:56:06 | INFO     | Pik2Video                           | Логирование настроено
19:56:06 | INFO     | Pik2Video                           | Режим DEBUG: False
19:56:06 | INFO     | Pik2Video                           | Файл логов: /Users/admin/Desktop/Pik2Video/logs/pik2video_2026-05-25.log
19:56:06 | INFO     | Pik2Video                           | ============================================================
19:56:06 | INFO     | src.pik2video.locale.translator     | Загружен язык: ru из /Users/admin/Desktop/Pik2Video/src/pik2video/locale/ru.json
19:56:06 | INFO     | src.pik2video.application.controller | FFmpeg найден при старте
19:57:20 | INFO     | Pik2Video                           | ============================================================
19:57:20 | INFO     | Pik2Video                           | Логирование настроено
19:57:20 | INFO     | Pik2Video                           | Режим DEBUG: False
19:57:20 | INFO     | Pik2Video                           | Файл логов: /Users/admin/Desktop/Pik2Video/logs/pik2video_2026-05-25.log
19:57:20 | INFO     | Pik2Video                           | ============================================================
19:57:20 | INFO     | src.pik2video.locale.translator     | Загружен язык: ru из /Users/admin/Desktop/Pik2Video/src/pik2video/locale/ru.json
19:57:20 | INFO     | src.pik2video.application.controller | FFmpeg найден при старте
19:57:36 | INFO     | Pik2Video                           | ============================================================
19:57:36 | INFO     | Pik2Video                           | Логирование настроено
19:57:36 | INFO     | Pik2Video                           | Режим DEBUG: False
19:57:36 | INFO     | Pik2Video                           | Файл логов: /Users/admin/Desktop/Pik2Video/logs/pik2video_2026-05-25.log
19:57:36 | INFO     | Pik2Video                           | ============================================================
19:57:37 | INFO     | src.pik2video.locale.translator     | Загружен язык: ru из /Users/admin/Desktop/Pik2Video/src/pik2video/locale/ru.json
19:57:37 | INFO     | src.pik2video.application.controller | FFmpeg найден при старте
19:58:01 | INFO     | Pik2Video                           | ============================================================
19:58:01 | INFO     | Pik2Video                           | Логирование настроено
19:58:01 | INFO     | Pik2Video                           | Режим DEBUG: False
19:58:01 | INFO     | Pik2Video                           | Файл логов: /Users/admin/Desktop/Pik2Video/logs/pik2video_2026-05-25.log
19:58:01 | INFO     | Pik2Video                           | ============================================================
19:58:01 | INFO     | src.pik2video.locale.translator     | Загружен язык: ru из /Users/admin/Desktop/Pik2Video/src/pik2video/locale/ru.json
19:58:01 | INFO     | src.pik2video.application.controller | FFmpeg найден при старте
19:58:22 | INFO     | Pik2Video                           | ============================================================
19:58:22 | INFO     | Pik2Video                           | Логирование настроено
19:58:22 | INFO     | Pik2Video                           | Режим DEBUG: False
19:58:22 | INFO     | Pik2Video                           | Файл логов: /Users/admin/Desktop/Pik2Video/logs/pik2video_2026-05-25.log
19:58:22 | INFO     | Pik2Video                           | ============================================================
19:58:22 | INFO     | src.pik2video.locale.translator     | Загружен язык: ru из /Users/admin/Desktop/Pik2Video/src/pik2video/locale/ru.json
19:58:22 | INFO     | src.pik2video.application.controller | FFmpeg найден при старте
19:58:24 | INFO     | src.pik2video.application.controller | Запрошен PREPARING_SCREEN
19:58:24 | INFO     | src.pik2video.application.controller | FFmpeg найден
19:58:29 | INFO     | src.pik2video.application.controller | Запрошен CANCEL_SESSION
21:17:11 | INFO     | Pik2Video                           | ============================================================
21:17:11 | INFO     | Pik2Video                           | Логирование настроено
21:17:11 | INFO     | Pik2Video                           | Режим DEBUG: False
21:17:11 | INFO     | Pik2Video                           | Файл логов: /Users/admin/Desktop/Pik2Video/logs/pik2video_2026-05-25.log
21:17:11 | INFO     | Pik2Video                           | ============================================================
21:17:11 | INFO     | src.pik2video.locale.translator     | Загружен язык: ru из /Users/admin/Desktop/Pik2Video/src/pik2video/locale/ru.json
21:17:11 | INFO     | src.pik2video.application.controller | FFmpeg найден при старте
21:18:48 | INFO     | Pik2Video                           | ============================================================
21:18:48 | INFO     | Pik2Video                           | Логирование настроено
21:18:48 | INFO     | Pik2Video                           | Режим DEBUG: False
21:18:48 | INFO     | Pik2Video                           | Файл логов: /Users/admin/Desktop/Pik2Video/logs/pik2video_2026-05-25.log
21:18:48 | INFO     | Pik2Video                           | ============================================================
21:18:49 | INFO     | src.pik2video.locale.translator     | Загружен язык: ru из /Users/admin/Desktop/Pik2Video/src/pik2video/locale/ru.json
21:18:49 | INFO     | src.pik2video.application.controller | FFmpeg найден при старте
21:21:23 | INFO     | Pik2Video                           | ============================================================
21:21:23 | INFO     | Pik2Video                           | Логирование настроено
21:21:23 | INFO     | Pik2Video                           | Режим DEBUG: False
21:21:23 | INFO     | Pik2Video                           | Файл логов: /Users/admin/Desktop/Pik2Video/logs/pik2video_2026-05-25.log
21:21:23 | INFO     | Pik2Video                           | ============================================================
21:21:23 | INFO     | src.pik2video.locale.translator     | Загружен язык: ru из /Users/admin/Desktop/Pik2Video/src/pik2video/locale/ru.json
21:21:23 | INFO     | src.pik2video.application.controller | FFmpeg найден при старте
21:23:15 | INFO     | Pik2Video                           | ============================================================
21:23:15 | INFO     | Pik2Video                           | Логирование настроено
21:23:15 | INFO     | Pik2Video                           | Режим DEBUG: False
21:23:15 | INFO     | Pik2Video                           | Файл логов: /Users/admin/Desktop/Pik2Video/logs/pik2video_2026-05-25.log
21:23:15 | INFO     | Pik2Video                           | ============================================================
21:23:16 | INFO     | src.pik2video.locale.translator     | Загружен язык: ru из /Users/admin/Desktop/Pik2Video/src/pik2video/locale/ru.json
21:23:16 | INFO     | src.pik2video.application.controller | FFmpeg найден при старте
21:23:17 | INFO     | src.pik2video.application.controller | Запрошен PREPARING_VIDEO
21:23:17 | INFO     | src.pik2video.application.controller | FFmpeg найден
23:46:53 | INFO     | Pik2Video                           | ============================================================
23:46:53 | INFO     | Pik2Video                           | Логирование настроено
23:46:53 | INFO     | Pik2Video                           | Режим DEBUG: False
23:46:53 | INFO     | Pik2Video                           | Файл логов: /Users/admin/Desktop/Pik2Video/logs/pik2video_2026-05-25.log
23:46:53 | INFO     | Pik2Video                           | ============================================================
23:46:54 | INFO     | src.pik2video.locale.translator     | Загружен язык: ru из /Users/admin/Desktop/Pik2Video/src/pik2video/locale/ru.json
23:46:54 | INFO     | src.pik2video.application.controller | FFmpeg найден при старте
23:47:25 | INFO     | src.pik2video.application.controller | Запрошен PREPARING_VIDEO
23:47:25 | INFO     | src.pik2video.application.controller | FFmpeg найден
23:47:48 | INFO     | src.pik2video.application.controller | Запрошен CANCEL_SESSION
23:47:50 | INFO     | src.pik2video.application.controller | Запрошен PREPARING_SCREEN
23:47:50 | INFO     | src.pik2video.application.controller | FFmpeg найден
23:48:05 | INFO     | src.pik2video.application.controller | Запрошен CANCEL_SESSION
23:48:07 | INFO     | src.pik2video.application.controller | Запрошен PREPARING_VIDEO
23:48:07 | INFO     | src.pik2video.application.controller | FFmpeg найден
23:48:11 | INFO     | Pik2Video                           | ============================================================
23:48:11 | INFO     | Pik2Video                           | Логирование настроено
23:48:11 | INFO     | Pik2Video                           | Режим DEBUG: False
23:48:11 | INFO     | Pik2Video                           | Файл логов: /Users/admin/Desktop/Pik2Video/logs/pik2video_2026-05-25.log
23:48:11 | INFO     | Pik2Video                           | ============================================================
23:48:12 | INFO     | src.pik2video.locale.translator     | Загружен язык: ru из /Users/admin/Desktop/Pik2Video/src/pik2video/locale/ru.json
23:48:12 | INFO     | src.pik2video.application.controller | FFmpeg найден при старте
23:48:26 | INFO     | src.pik2video.application.controller | Запрошен PREPARING_VIDEO
23:48:26 | INFO     | src.pik2video.application.controller | FFmpeg найден
23:48:28 | INFO     | src.pik2video.application.controller | Запрошен CANCEL_SESSION
23:48:34 | INFO     | Pik2Video                           | ============================================================
23:48:34 | INFO     | Pik2Video                           | Логирование настроено
23:48:34 | INFO     | Pik2Video                           | Режим DEBUG: False
23:48:34 | INFO     | Pik2Video                           | Файл логов: /Users/admin/Desktop/Pik2Video/logs/pik2video_2026-05-25.log
23:48:34 | INFO     | Pik2Video                           | ============================================================
23:48:34 | INFO     | src.pik2video.locale.translator     | Загружен язык: ru из /Users/admin/Desktop/Pik2Video/src/pik2video/locale/ru.json
23:48:34 | INFO     | src.pik2video.application.controller | FFmpeg найден при старте
23:48:52 | INFO     | src.pik2video.application.controller | Запрошен PREPARING_VIDEO
23:48:52 | INFO     | src.pik2video.application.controller | FFmpeg найден
23:49:03 | INFO     | src.pik2video.application.controller | Запрошен START_RECORDING
23:50:04 | INFO     | src.pik2video.application.controller | Запрошен STOP_RECORDING
23:50:13 | INFO     | src.pik2video.application.controller | Запрошен FINALIZE_SESSION
23:50:13 | INFO     | src.pik2video.application.controller | Видео сохранено: /Users/admin/Desktop/output_1.mp4
23:50:50 | INFO     | src.pik2video.application.controller | Запрошен PREPARING_VIDEO
23:50:50 | INFO     | src.pik2video.application.controller | FFmpeg найден
23:51:18 | INFO     | src.pik2video.application.controller | Запрошен START_RECORDING
23:52:28 | INFO     | src.pik2video.application.controller | Запрошен STOP_RECORDING
23:52:38 | INFO     | src.pik2video.application.controller | Запрошен FINALIZE_SESSION
23:52:38 | INFO     | src.pik2video.application.controller | Видео сохранено: /Users/admin/Desktop/output.mp4
